// Jest Snapshot v1, https://goo.gl/fbAQLP

exports[`TableMenu component should TableMenu render correctly 1`] = `
<div
  class="dw-table-container"
>
  <div
    class="ant-spin-nested-loading"
  >
    <div
      class="ant-spin-container"
    >
      <div
        class="dw-table__toolbar"
      >
        <div
          class="table-menu table-toolbar--right"
        >
          <button
            class="ant-btn ant-btn-icon-only dw-btn ant-dropdown-trigger table-menu__button no-border"
            type="button"
          >
            <span
              aria-label="down"
              class="anticon anticon-down table-menu__icon"
              role="img"
            >
              <svg
                aria-hidden="true"
                data-icon="down"
                fill="currentColor"
                focusable="false"
                height="1em"
                viewBox="64 64 896 896"
                width="1em"
              >
                <path
                  d="M884 256h-75c-5.1 0-9.9 2.5-12.9 6.6L512 654.2 227.9 262.6c-3-4.1-7.8-6.6-12.9-6.6h-75c-6.5 0-10.3 7.4-6.5 12.7l352.6 486.1c12.8 17.6 39 17.6 51.7 0l352.6-486.1c3.9-5.3.1-12.7-6.4-12.7z"
                />
              </svg>
            </span>
          </button>
        </div>
      </div>
      <div
        class="ant-table-wrapper dw-table"
      >
        <div
          class="ant-spin-nested-loading"
        >
          <div
            class="ant-spin-container"
          >
            <div
              class="ant-table ant-table-small ant-table-bordered ant-table-layout-fixed"
            >
              <div
                class="ant-table-container"
              >
                <div
                  class="ant-table-content"
                >
                  <div
                    class="dw-table__wrapper"
                    style="width:auto;height:auto"
                  >
                    <table>
                      <colgroup />
                      <thead
                        class="ant-table-thead"
                      >
                        <tr>
                          <th
                            class="dw-table__column dw-table__column--resizable ant-table-cell ant-table-column-has-sorters"
                            style="width:299px"
                            title="Name"
                          >
                            <div
                              class="ant-table-column-sorters"
                            >
                              <span>
                                Name
                              </span>
                              <span
                                class="ant-table-column-sorter ant-table-column-sorter-full"
                              >
                                <span
                                  class="ant-table-column-sorter-inner"
                                >
                                  <span
                                    aria-label="caret-up"
                                    class="anticon anticon-caret-up ant-table-column-sorter-up"
                                    role="img"
                                  >
                                    <svg
                                      aria-hidden="true"
                                      data-icon="caret-up"
                                      fill="currentColor"
                                      focusable="false"
                                      height="1em"
                                      viewBox="0 0 1024 1024"
                                      width="1em"
                                    >
                                      <path
                                        d="M858.9 689L530.5 308.2c-9.4-10.9-27.5-10.9-37 0L165.1 689c-12.2 14.2-1.2 35 18.5 35h656.8c19.7 0 30.7-20.8 18.5-35z"
                                      />
                                    </svg>
                                  </span>
                                  <span
                                    aria-label="caret-down"
                                    class="anticon anticon-caret-down ant-table-column-sorter-down"
                                    role="img"
                                  >
                                    <svg
                                      aria-hidden="true"
                                      data-icon="caret-down"
                                      fill="currentColor"
                                      focusable="false"
                                      height="1em"
                                      viewBox="0 0 1024 1024"
                                      width="1em"
                                    >
                                      <path
                                        d="M840.4 300H183.6c-19.7 0-30.7 20.8-18.5 35l328.4 380.8c9.4 10.9 27.5 10.9 37 0L858.9 335c12.2-14.2 1.2-35-18.5-35z"
                                      />
                                    </svg>
                                  </span>
                                </span>
                              </span>
                            </div>
                          </th>
                        </tr>
                      </thead>
                      <tbody
                        class="ant-table-tbody"
                      >
                        <tr
                          class="ant-table-row ant-table-row-level-0"
                          data-row-key="1"
                        >
                          <td
                            class="ant-table-cell"
                          >
                            <div
                              class="dw-table__cell"
                            >
                              <div
                                class="dw-table__cell-data"
                              >
                                John
                              </div>
                            </div>
                          </td>
                        </tr>
                      </tbody>
                    </table>
                  </div>
                </div>
              </div>
            </div>
            <ul
              class="ant-pagination mini ant-table-pagination ant-table-pagination-right"
              unselectable="unselectable"
            >
              <li
                class="ant-pagination-total-text"
              >
                TABLE_TOTAL
              </li>
              <li
                aria-disabled="true"
                class="ant-pagination-prev ant-pagination-disabled"
                title="Previous Page"
              >
                <button
                  class="ant-pagination-item-link"
                  disabled=""
                  tabindex="-1"
                  type="button"
                >
                  <span
                    aria-label="left"
                    class="anticon anticon-left"
                    role="img"
                  >
                    <svg
                      aria-hidden="true"
                      data-icon="left"
                      fill="currentColor"
                      focusable="false"
                      height="1em"
                      viewBox="64 64 896 896"
                      width="1em"
                    >
                      <path
                        d="M724 218.3V141c0-6.7-7.7-10.4-12.9-6.3L260.3 486.8a31.86 31.86 0 000 50.3l450.8 352.1c5.3 4.1 12.9.4 12.9-6.3v-77.3c0-4.9-2.3-9.6-6.1-12.6l-360-281 360-281.1c3.8-3 6.1-7.7 6.1-12.6z"
                      />
                    </svg>
                  </span>
                </button>
              </li>
              <li
                class="ant-pagination-item ant-pagination-item-1 ant-pagination-item-active"
                tabindex="0"
                title="1"
              >
                <a
                  rel="nofollow"
                >
                  1
                </a>
              </li>
              <li
                aria-disabled="true"
                class="ant-pagination-next ant-pagination-disabled"
                title="Next Page"
              >
                <button
                  class="ant-pagination-item-link"
                  disabled=""
                  tabindex="-1"
                  type="button"
                >
                  <span
                    aria-label="right"
                    class="anticon anticon-right"
                    role="img"
                  >
                    <svg
                      aria-hidden="true"
                      data-icon="right"
                      fill="currentColor"
                      focusable="false"
                      height="1em"
                      viewBox="64 64 896 896"
                      width="1em"
                    >
                      <path
                        d="M765.7 486.8L314.9 134.7A7.97 7.97 0 00302 141v77.3c0 4.9 2.3 9.6 6.1 12.6l360 281.1-360 281.1c-3.9 3-6.1 7.7-6.1 12.6V883c0 6.7 7.7 10.4 12.9 6.3l450.8-352.1a31.96 31.96 0 000-50.4z"
                      />
                    </svg>
                  </span>
                </button>
              </li>
              <li
                class="ant-pagination-options"
              >
                <div
                  class="ant-select ant-select-sm ant-pagination-options-size-changer ant-select-single ant-select-show-arrow"
                >
                  <div
                    class="ant-select-selector"
                  >
                    <span
                      class="ant-select-selection-search"
                    >
                      <input
                        aria-activedescendant="undefined_list_0"
                        aria-autocomplete="list"
                        aria-controls="undefined_list"
                        aria-haspopup="listbox"
                        aria-owns="undefined_list"
                        autocomplete="off"
                        class="ant-select-selection-search-input"
                        readonly=""
                        role="combobox"
                        style="opacity:0"
                        type="search"
                        unselectable="on"
                        value=""
                      />
                    </span>
                    <span
                      class="ant-select-selection-item"
                      title="20 / page"
                    >
                      20 / page
                    </span>
                  </div>
                  <span
                    aria-hidden="true"
                    class="ant-select-arrow"
                    style="user-select:none;-webkit-user-select:none"
                    unselectable="on"
                  >
                    <span
                      aria-label="down"
                      class="anticon anticon-down ant-select-suffix"
                      role="img"
                    >
                      <svg
                        aria-hidden="true"
                        data-icon="down"
                        fill="currentColor"
                        focusable="false"
                        height="1em"
                        viewBox="64 64 896 896"
                        width="1em"
                      >
                        <path
                          d="M884 256h-75c-5.1 0-9.9 2.5-12.9 6.6L512 654.2 227.9 262.6c-3-4.1-7.8-6.6-12.9-6.6h-75c-6.5 0-10.3 7.4-6.5 12.7l352.6 486.1c12.8 17.6 39 17.6 51.7 0l352.6-486.1c3.9-5.3.1-12.7-6.4-12.7z"
                        />
                      </svg>
                    </span>
                  </span>
                </div>
              </li>
            </ul>
          </div>
        </div>
      </div>
    </div>
  </div>
</div>
`;

exports[`TableMenu component should full TableMenu render correctly 1`] = `
<div
  class="table-menu table-toolbar--right"
>
  <button
    class="ant-btn ant-btn-icon-only dw-btn ant-dropdown-trigger table-menu__button no-border"
    type="button"
  >
    <span
      aria-label="down"
      class="anticon anticon-down table-menu__icon"
      role="img"
    >
      <svg
        aria-hidden="true"
        data-icon="down"
        fill="currentColor"
        focusable="false"
        height="1em"
        viewBox="64 64 896 896"
        width="1em"
      >
        <path
          d="M884 256h-75c-5.1 0-9.9 2.5-12.9 6.6L512 654.2 227.9 262.6c-3-4.1-7.8-6.6-12.9-6.6h-75c-6.5 0-10.3 7.4-6.5 12.7l352.6 486.1c12.8 17.6 39 17.6 51.7 0l352.6-486.1c3.9-5.3.1-12.7-6.4-12.7z"
        />
      </svg>
    </span>
  </button>
</div>
`;
