// Jest Snapshot v1, https://goo.gl/fbAQLP

exports[`EnableSelect Field component Field rendered correctly 1`] = `
<Field
  name="Field name"
  onChange={[MockFunction]}
  placeholder="Field placeholder"
  renderField={[Function]}
  value={
    Object {
      "enabled": true,
      "value": "value",
    }
  }
>
  <Checkbox
    checked={true}
    onChange={[Function]}
  >
    <Checkbox
      checked={true}
      indeterminate={false}
      onChange={[Function]}
    >
      <label
        className="ant-checkbox-wrapper ant-checkbox-wrapper-checked"
      >
        <Checkbox
          checked={true}
          className=""
          defaultChecked={false}
          onBlur={[Function]}
          onChange={[Function]}
          onFocus={[Function]}
          prefixCls="ant-checkbox"
          style={Object {}}
          type="checkbox"
        >
          <span
            className="ant-checkbox ant-checkbox-checked"
            style={Object {}}
          >
            <input
              checked={true}
              className="ant-checkbox-input"
              onBlur={[Function]}
              onChange={[Function]}
              onFocus={[Function]}
              type="checkbox"
            />
            <span
              className="ant-checkbox-inner"
            />
          </span>
        </Checkbox>
        <span>
          Field placeholder
        </span>
      </label>
    </Checkbox>
  </Checkbox>
  <span>
    value
  </span>
</Field>
`;
