// Jest Snapshot v1, https://goo.gl/fbAQLP

exports[`TableXlsxExporter component should render corectly 1`] = `
<TableXlsxExporter
  filename="exported_table.xlsx"
>
  <div
    className="table-xlsx-exporter table-toolbar--right"
  >
    <Button
      border={false}
      icon={
        <ForwardRef(DownloadOutlined)
          className="table-xlsx-exporter__icon"
        />
      }
      loading={false}
      onClick={[Function]}
      title="SAVE_BTN_TITLE"
    >
      <Button
        className="dw-btn no-border"
        icon={
          <ForwardRef(DownloadOutlined)
            className="table-xlsx-exporter__icon"
          />
        }
        loading={false}
        onClick={[Function]}
        title="SAVE_BTN_TITLE"
      >
        <Wave>
          <button
            className="ant-btn ant-btn-icon-only dw-btn no-border"
            onClick={[Function]}
            title="SAVE_BTN_TITLE"
            type="button"
          >
            <ForwardRef(DownloadOutlined)
              className="table-xlsx-exporter__icon"
            >
              <AntdIcon
                className="table-xlsx-exporter__icon"
                icon={
                  Object {
                    "icon": Object {
                      "attrs": Object {
                        "focusable": "false",
                        "viewBox": "64 64 896 896",
                      },
                      "children": Array [
                        Object {
                          "attrs": Object {
                            "d": "M505.7 661a8 8 0 0012.6 0l112-141.7c4.1-5.2.4-12.9-6.3-12.9h-74.1V168c0-4.4-3.6-8-8-8h-60c-4.4 0-8 3.6-8 8v338.3H400c-6.7 0-10.4 7.7-6.3 12.9l112 141.8zM878 626h-60c-4.4 0-8 3.6-8 8v154H214V634c0-4.4-3.6-8-8-8h-60c-4.4 0-8 3.6-8 8v198c0 17.7 14.3 32 32 32h684c17.7 0 32-14.3 32-32V634c0-4.4-3.6-8-8-8z",
                          },
                          "tag": "path",
                        },
                      ],
                      "tag": "svg",
                    },
                    "name": "download",
                    "theme": "outlined",
                  }
                }
              >
                <span
                  aria-label="download"
                  className="anticon anticon-download table-xlsx-exporter__icon"
                  role="img"
                >
                  <IconReact
                    icon={
                      Object {
                        "icon": Object {
                          "attrs": Object {
                            "focusable": "false",
                            "viewBox": "64 64 896 896",
                          },
                          "children": Array [
                            Object {
                              "attrs": Object {
                                "d": "M505.7 661a8 8 0 0012.6 0l112-141.7c4.1-5.2.4-12.9-6.3-12.9h-74.1V168c0-4.4-3.6-8-8-8h-60c-4.4 0-8 3.6-8 8v338.3H400c-6.7 0-10.4 7.7-6.3 12.9l112 141.8zM878 626h-60c-4.4 0-8 3.6-8 8v154H214V634c0-4.4-3.6-8-8-8h-60c-4.4 0-8 3.6-8 8v198c0 17.7 14.3 32 32 32h684c17.7 0 32-14.3 32-32V634c0-4.4-3.6-8-8-8z",
                              },
                              "tag": "path",
                            },
                          ],
                          "tag": "svg",
                        },
                        "name": "download",
                        "theme": "outlined",
                      }
                    }
                  >
                    <svg
                      aria-hidden="true"
                      data-icon="download"
                      fill="currentColor"
                      focusable="false"
                      height="1em"
                      key="svg-download"
                      viewBox="64 64 896 896"
                      width="1em"
                    >
                      <path
                        d="M505.7 661a8 8 0 0012.6 0l112-141.7c4.1-5.2.4-12.9-6.3-12.9h-74.1V168c0-4.4-3.6-8-8-8h-60c-4.4 0-8 3.6-8 8v338.3H400c-6.7 0-10.4 7.7-6.3 12.9l112 141.8zM878 626h-60c-4.4 0-8 3.6-8 8v154H214V634c0-4.4-3.6-8-8-8h-60c-4.4 0-8 3.6-8 8v198c0 17.7 14.3 32 32 32h684c17.7 0 32-14.3 32-32V634c0-4.4-3.6-8-8-8z"
                        key="svg-download-svg-0"
                      />
                    </svg>
                  </IconReact>
                </span>
              </AntdIcon>
            </ForwardRef(DownloadOutlined)>
          </button>
        </Wave>
      </Button>
    </Button>
  </div>
</TableXlsxExporter>
`;

exports[`TableXlsxExporter component should render in Table ToolBar corectly 1`] = `
<div>
  <div
    class="dw-table-container"
  >
    <div
      class="ant-spin-nested-loading"
    >
      <div>
        <div
          class="ant-spin ant-spin-spinning datawiz-loader"
        >
          <span
            aria-label="loading"
            class="anticon anticon-loading anticon-spin ant-spin-dot"
            role="img"
          >
            <svg
              aria-hidden="true"
              data-icon="loading"
              fill="currentColor"
              focusable="false"
              height="1em"
              viewBox="0 0 1024 1024"
              width="1em"
            >
              <path
                d="M988 548c-19.9 0-36-16.1-36-36 0-59.4-11.6-117-34.6-171.3a440.45 440.45 0 00-94.3-139.9 437.71 437.71 0 00-139.9-94.3C629 83.6 571.4 72 512 72c-19.9 0-36-16.1-36-36s16.1-36 36-36c69.1 0 136.2 13.5 199.3 40.3C772.3 66 827 103 874 150c47 47 83.9 101.8 109.7 162.7 26.7 63.1 40.2 130.2 40.2 199.3.1 19.9-16 36-35.9 36z"
              />
            </svg>
          </span>
        </div>
      </div>
      <div
        class="ant-spin-container ant-spin-blur"
      >
        <div
          class="dw-table__toolbar"
        >
          <div
            class="table-xlsx-exporter table-toolbar--right"
          >
            <button
              class="ant-btn ant-btn-icon-only dw-btn no-border"
              title="SAVE_BTN_TITLE"
              type="button"
            >
              <span
                aria-label="download"
                class="anticon anticon-download table-xlsx-exporter__icon"
                role="img"
              >
                <svg
                  aria-hidden="true"
                  data-icon="download"
                  fill="currentColor"
                  focusable="false"
                  height="1em"
                  viewBox="64 64 896 896"
                  width="1em"
                >
                  <path
                    d="M505.7 661a8 8 0 0012.6 0l112-141.7c4.1-5.2.4-12.9-6.3-12.9h-74.1V168c0-4.4-3.6-8-8-8h-60c-4.4 0-8 3.6-8 8v338.3H400c-6.7 0-10.4 7.7-6.3 12.9l112 141.8zM878 626h-60c-4.4 0-8 3.6-8 8v154H214V634c0-4.4-3.6-8-8-8h-60c-4.4 0-8 3.6-8 8v198c0 17.7 14.3 32 32 32h684c17.7 0 32-14.3 32-32V634c0-4.4-3.6-8-8-8z"
                  />
                </svg>
              </span>
            </button>
          </div>
        </div>
        <div
          class="ant-table-wrapper dw-table dw-table--loading dw-table--empty"
        >
          <div
            class="ant-spin-nested-loading"
          >
            <div
              class="ant-spin-container"
            >
              <div
                class="ant-table ant-table-small ant-table-bordered ant-table-empty ant-table-layout-fixed"
              >
                <div
                  class="ant-table-container"
                >
                  <div
                    class="ant-table-content"
                  >
                    <div
                      class="dw-table__wrapper"
                      style="width: auto; height: auto;"
                    >
                      <table>
                        <colgroup />
                        <thead
                          class="ant-table-thead"
                        >
                          <tr>
                            <th
                              class="ant-table-cell"
                            />
                          </tr>
                        </thead>
                        <tbody
                          class="ant-table-tbody"
                        >
                          <tr
                            class="ant-table-placeholder"
                          >
                            <td
                              class="ant-table-cell"
                            >
                              <div
                                class="dw-table__cell"
                              >
                                <div
                                  class="ant-empty ant-empty-normal"
                                >
                                  <div
                                    class="ant-empty-image"
                                  >
                                    <svg
                                      class="ant-empty-img-simple"
                                      height="41"
                                      viewBox="0 0 64 41"
                                      width="64"
                                      xmlns="http://www.w3.org/2000/svg"
                                    >
                                      <g
                                        fill="none"
                                        fill-rule="evenodd"
                                        transform="translate(0 1)"
                                      >
                                        <ellipse
                                          class="ant-empty-img-simple-ellipse"
                                          cx="32"
                                          cy="33"
                                          rx="32"
                                          ry="7"
                                        />
                                        <g
                                          class="ant-empty-img-simple-g"
                                          fill-rule="nonzero"
                                        >
                                          <path
                                            d="M55 12.76L44.854 1.258C44.367.474 43.656 0 42.907 0H21.093c-.749 0-1.46.474-1.947 1.257L9 12.761V22h46v-9.24z"
                                          />
                                          <path
                                            class="ant-empty-img-simple-path"
                                            d="M41.613 15.931c0-1.605.994-2.93 2.227-2.931H55v18.137C55 33.26 53.68 35 52.05 35h-40.1C10.32 35 9 33.259 9 31.137V13h11.16c1.233 0 2.227 1.323 2.227 2.928v.022c0 1.605 1.005 2.901 2.237 2.901h14.752c1.232 0 2.237-1.308 2.237-2.913v-.007z"
                                          />
                                        </g>
                                      </g>
                                    </svg>
                                  </div>
                                  <div
                                    class="ant-empty-description"
                                  >
                                    No Data
                                  </div>
                                </div>
                              </div>
                            </td>
                          </tr>
                        </tbody>
                      </table>
                    </div>
                  </div>
                </div>
              </div>
            </div>
          </div>
        </div>
      </div>
    </div>
  </div>
</div>
`;
