// Jest Snapshot v1, https://goo.gl/fbAQLP

exports[`Cell component rendered Cell corectly 1`] = `undefined`;
