// Jest Snapshot v1, https://goo.gl/fbAQLP

exports[`TopBar component TopBar rendered correctly 1`] = `
<Header
  className="top-bar"
/>
`;
