// Jest Snapshot v1, https://goo.gl/fbAQLP

exports[`AppSwitcher component is rendered correctly with provided props 1`] = `
<AppSwitcher
  apps={
    Array [
      Object {
        "app_id": 30,
        "bento_menu_description": "BENTO_PH_DESCRIPTION",
        "dark_icon": "/app-icons/ph-light.png",
        "description": "BENTO_PH_DESCRIPTION",
        "host": "https://planohero.datawiz.io",
        "icon": "/app-icons/ph-dark.png",
        "is_main": false,
        "name": "PlanoHero",
        "path": "/c/:client_id",
      },
      Object {
        "app_id": 22,
        "bento_menu_description": "BENTO_AP_DESCRIPTION",
        "dark_icon": "/app-icons/ap-light.png",
        "description": "BENTO_AP_DESCRIPTION",
        "host": "https://admin-panel.datawiz.io",
        "icon": "/app-icons/ap-dark.png",
        "is_main": false,
        "name": "Admin Panel",
        "path": "/c/:client_id",
      },
      Object {
        "app_id": 32,
        "bento_menu_description": "BENTO_DC_DESCRIPTION",
        "dark_icon": "/app-icons/dc-light.png",
        "description": "BENTO_DC_DESCRIPTION",
        "host": "https://data-console.datawiz.io",
        "icon": "/app-icons/dc-dark.png",
        "is_main": false,
        "name": "Data Console",
        "path": "/c/:client_id",
      },
      Object {
        "app_id": 29,
        "bento_menu_description": "BENTO_MAIN_DESCRIPTION",
        "dark_icon": "/app-icons/bes-light.png",
        "description": "BENTO_MAIN_DESCRIPTION",
        "host": "https://bes.datawiz.io",
        "icon": "/app-icons/bes-dark.png",
        "is_main": true,
        "name": "BES",
        "path": null,
      },
      Object {
        "app_id": 51,
        "bento_menu_description": "UPLOAD_DATA",
        "dark_icon": "/app-icons/connector-dark.png",
        "description": "UPLOAD_DATA",
        "host": "https://connector.datawiz.io",
        "icon": "/app-icons/connector-light.png",
        "is_main": false,
        "name": "Connector",
        "path": "/c/:client_id",
      },
    ]
  }
  client={123}
  onAppClick={[MockFunction]}
  theme="light"
>
  <Dropdown
    mouseEnterDelay={0.15}
    mouseLeaveDelay={0.1}
    overlay={
      <ForwardRef
        className="app-switcher-container"
      >
        <App
          app_id={29}
          bento_menu_description="BENTO_MAIN_DESCRIPTION"
          client={123}
          dark_icon="/app-icons/bes-light.png"
          description="BENTO_MAIN_DESCRIPTION"
          host="https://bes.datawiz.io"
          icon="/app-icons/bes-dark.png"
          is_main={true}
          name="BES"
          onAppClick={[MockFunction]}
          path={null}
        />
        <span
          className="other-apps-title"
        >
          NAVIGATE_TO_TRANSLATED
        </span>
        <App
          app_id={30}
          bento_menu_description="BENTO_PH_DESCRIPTION"
          client={123}
          dark_icon="/app-icons/ph-light.png"
          description="BENTO_PH_DESCRIPTION"
          host="https://planohero.datawiz.io"
          icon="/app-icons/ph-dark.png"
          is_main={false}
          name="PlanoHero"
          onAppClick={[MockFunction]}
          path="/c/:client_id"
        />
        <App
          app_id={22}
          bento_menu_description="BENTO_AP_DESCRIPTION"
          client={123}
          dark_icon="/app-icons/ap-light.png"
          description="BENTO_AP_DESCRIPTION"
          host="https://admin-panel.datawiz.io"
          icon="/app-icons/ap-dark.png"
          is_main={false}
          name="Admin Panel"
          onAppClick={[MockFunction]}
          path="/c/:client_id"
        />
        <App
          app_id={32}
          bento_menu_description="BENTO_DC_DESCRIPTION"
          client={123}
          dark_icon="/app-icons/dc-light.png"
          description="BENTO_DC_DESCRIPTION"
          host="https://data-console.datawiz.io"
          icon="/app-icons/dc-dark.png"
          is_main={false}
          name="Data Console"
          onAppClick={[MockFunction]}
          path="/c/:client_id"
        />
        <App
          app_id={51}
          bento_menu_description="UPLOAD_DATA"
          client={123}
          dark_icon="/app-icons/connector-dark.png"
          description="UPLOAD_DATA"
          host="https://connector.datawiz.io"
          icon="/app-icons/connector-light.png"
          is_main={false}
          name="Connector"
          onAppClick={[MockFunction]}
          path="/c/:client_id"
        />
      </ForwardRef>
    }
    overlayClassName="AppSwitcher__dropdown"
    placement="bottomCenter"
    trigger={
      Array [
        "click",
      ]
    }
  >
    <ForwardRef(Dropdown)
      mouseEnterDelay={0.15}
      mouseLeaveDelay={0.1}
      overlay={[Function]}
      overlayClassName="AppSwitcher__dropdown"
      placement="bottomCenter"
      prefixCls="ant-dropdown"
      transitionName="slide-up"
      trigger={
        Array [
          "click",
        ]
      }
    >
      <Trigger
        action={
          Array [
            "click",
          ]
        }
        afterPopupVisibleChange={[Function]}
        autoDestroy={false}
        blurDelay={0.15}
        builtinPlacements={
          Object {
            "bottomCenter": Object {
              "offset": Array [
                0,
                4,
              ],
              "overflow": Object {
                "adjustX": 1,
                "adjustY": 1,
              },
              "points": Array [
                "tc",
                "bc",
              ],
              "targetOffset": Array [
                0,
                0,
              ],
            },
            "bottomLeft": Object {
              "offset": Array [
                0,
                4,
              ],
              "overflow": Object {
                "adjustX": 1,
                "adjustY": 1,
              },
              "points": Array [
                "tl",
                "bl",
              ],
              "targetOffset": Array [
                0,
                0,
              ],
            },
            "bottomRight": Object {
              "offset": Array [
                0,
                4,
              ],
              "overflow": Object {
                "adjustX": 1,
                "adjustY": 1,
              },
              "points": Array [
                "tr",
                "br",
              ],
              "targetOffset": Array [
                0,
                0,
              ],
            },
            "topCenter": Object {
              "offset": Array [
                0,
                -4,
              ],
              "overflow": Object {
                "adjustX": 1,
                "adjustY": 1,
              },
              "points": Array [
                "bc",
                "tc",
              ],
              "targetOffset": Array [
                0,
                0,
              ],
            },
            "topLeft": Object {
              "offset": Array [
                0,
                -4,
              ],
              "overflow": Object {
                "adjustX": 1,
                "adjustY": 1,
              },
              "points": Array [
                "bl",
                "tl",
              ],
              "targetOffset": Array [
                0,
                0,
              ],
            },
            "topRight": Object {
              "offset": Array [
                0,
                -4,
              ],
              "overflow": Object {
                "adjustX": 1,
                "adjustY": 1,
              },
              "points": Array [
                "br",
                "tr",
              ],
              "targetOffset": Array [
                0,
                0,
              ],
            },
          }
        }
        defaultPopupVisible={false}
        destroyPopupOnHide={false}
        focusDelay={0}
        getDocument={[Function]}
        getPopupClassNameFromAlign={[Function]}
        hideAction={Array []}
        mask={false}
        maskClosable={true}
        mouseEnterDelay={0.15}
        mouseLeaveDelay={0.1}
        onPopupAlign={[Function]}
        onPopupVisibleChange={[Function]}
        overlay={[Function]}
        popup={[Function]}
        popupAlign={Object {}}
        popupClassName="AppSwitcher__dropdown"
        popupPlacement="bottomCenter"
        popupStyle={Object {}}
        popupTransitionName="slide-up"
        prefixCls="ant-dropdown"
        showAction={Array []}
        stretch="minWidth"
      >
        <a
          className="ant-dropdown-trigger app-switcher-link"
          href="#1"
          key="trigger"
          onClick={[Function]}
          onMouseDown={[Function]}
          onTouchStart={[Function]}
          title="CHANGE_APP_BTN_TITLE_TRANSLATED"
        >
          <AppSwitcherIcon>
            <AntdIcon
              component={[Function]}
            >
              <span
                className="anticon"
                role="img"
              >
                <AppSwitcherSvg
                  aria-hidden="true"
                  className=""
                  fill="currentColor"
                  focusable="false"
                  height="1em"
                  width="1em"
                >
                  <svg
                    className="app-switcher-icon"
                    focusable="false"
                    viewBox="0 0 24 24"
                  >
                    <path
                      d="M6,8c1.1,0 2,-0.9 2,-2s-0.9,-2 -2,-2 -2,0.9 -2,2 0.9,2 2,2zM12,20c1.1,0 2,-0.9 2,-2s-0.9,-2 -2,-2 -2,0.9 -2,2 0.9,2 2,2zM6,20c1.1,0 2,-0.9 2,-2s-0.9,-2 -2,-2 -2,0.9 -2,2 0.9,2 2,2zM6,14c1.1,0 2,-0.9 2,-2s-0.9,-2 -2,-2 -2,0.9 -2,2 0.9,2 2,2zM12,14c1.1,0 2,-0.9 2,-2s-0.9,-2 -2,-2 -2,0.9 -2,2 0.9,2 2,2zM16,6c0,1.1 0.9,2 2,2s2,-0.9 2,-2 -0.9,-2 -2,-2 -2,0.9 -2,2zM12,8c1.1,0 2,-0.9 2,-2s-0.9,-2 -2,-2 -2,0.9 -2,2 0.9,2 2,2zM18,14c1.1,0 2,-0.9 2,-2s-0.9,-2 -2,-2 -2,0.9 -2,2 0.9,2 2,2zM18,20c1.1,0 2,-0.9 2,-2s-0.9,-2 -2,-2 -2,0.9 -2,2 0.9,2 2,2z"
                    />
                  </svg>
                </AppSwitcherSvg>
              </span>
            </AntdIcon>
          </AppSwitcherIcon>
        </a>
      </Trigger>
    </ForwardRef(Dropdown)>
  </Dropdown>
  <div
    className="divider"
  />
</AppSwitcher>
`;
